[www.cal-gh.com/index.html]
[backblue.gif]
[fade.gif]
[index.html]
[www.cal-gh.com/apple-touch-icon.png]
[www.cal-gh.com/assets/plugin/rs-plugin/css/settings.css]
[www.cal-gh.com/assets/css/skin/color.css]
[www.cal-gh.com/index-2.html]
[www.cal-gh.com/images/logo/cal1.png]
[www.cal-gh.com/images/logo/cal2.png]
[www.cal-gh.com/about.html]
[www.cal-gh.com/history.html]
[www.cal-gh.com/corevalue.html]
[www.cal-gh.com/portfolio1.html]
[www.cal-gh.com/portfolio2.html]
[www.cal-gh.com/service.html]
[www.cal-gh.com/Civil_eng.html]
[www.cal-gh.com/Real_estate.html]
[www.cal-gh.com/construction.html]
[www.cal-gh.com/renovation.html]
[www.cal-gh.com/big-project.html]
[www.cal-gh.com/contact.html]
[www.cal-gh.com/assets/images/slider/bg1.1.jpg]
[www.cal-gh.com/assets/images/slider/bg2.1.jpg]
[www.cal-gh.com/images/body/service01.jpg]
[www.cal-gh.com/images/body/service02.jpg]
[www.cal-gh.com/images/body/service03.jpg]
[www.cal-gh.com/images/body/service04.jpg]
[www.cal-gh.com/images/body/service05.jpg]
[www.cal-gh.com/images/portfolio/thumbnails/95.jpg]
[www.cal-gh.com/images/portfolio/thumbnails/2.jpg]
[www.cal-gh.com/images/portfolio/thumbnails/w2.jpg]
[www.cal-gh.com/images/portfolio/thumbnails/ot120.jpg]
[www.cal-gh.com/images/portfolio/thumbnails/ot117.jpg]
[www.cal-gh.com/images/portfolio/thumbnails/ot115.jpg]
[www.cal-gh.com/images/logo/our_clients/1.jpg]
[www.cal-gh.com/images/logo/our_clients/2.jpg]
[www.cal-gh.com/images/logo/our_clients/3.jpg]
[www.cal-gh.com/images/logo/our_clients/4.jpg]
[www.cal-gh.com/images/logo/our_clients/5.jpg]
[www.cal-gh.com/images/logo/our_clients/6.jpg]
[www.cal-gh.com/images/logo/our_clients/7.jpg]
[www.cal-gh.com/images/logo/our_clients/8.jpg]
[www.cal-gh.com/images/logo/our_clients/9.jpg]
[www.cal-gh.com/images/logo/our_clients/10.jpg]
[www.cal-gh.com/images/logo/our_clients/11.jpg]
[www.cal-gh.com/images/logo/our_clients/12.jpg]
[www.cal-gh.com/images/logo/our_clients/13.jpg]
[www.cal-gh.com/images/logo/our_clients/14.jpg]
[www.cal-gh.com/images/logo/our_clients/15.jpg]
[www.cal-gh.com/images/logo/our_clients/16.jpg]
[www.cal-gh.com/images/shop/1.png]
[www.cal-gh.com/images/shop/2.jpg]
[www.cal-gh.com/images/shop/3.jpg]
[ajax.googleapis.com/ajax/libs/jquery/1.12.4/jquery.min.js]
[www.cal-gh.com/assets/plugin/owl-carousel/owl.carousel.min.js]
[www.cal-gh.com/assets/plugin/plugin.min.js]
[www.cal-gh.com/assets/plugin/rs-plugin/js/jquery.themepunch.plugins.min.js]
[www.cal-gh.com/assets/plugin/rs-plugin/js/jquery.themepunch.revolution.min.js]
[www.cal-gh.com/assets/plugin/rs-plugin/js/jquery.revolution-int.js]
[www.cal-gh.com/assets/js/plugins.js]
[www.cal-gh.com/index.html]
[cdn.jsdelivr.net/npm/botman-web-widget@0/build/js/widget.js]
[www.cal-gh.com/assets/plugin/rs-plugin/images/gradient/g30.png]
[www.cal-gh.com/assets/plugin/rs-plugin/images/gradient/g40.png]
[www.cal-gh.com/assets/plugin/rs-plugin/assets/shadow1.png]
[www.cal-gh.com/assets/plugin/rs-plugin/assets/shadow2.png]
[www.cal-gh.com/assets/plugin/rs-plugin/assets/shadow3.png]
[www.cal-gh.com/assets/plugin/rs-plugin/assets/gridtile.png]
[www.cal-gh.com/assets/plugin/rs-plugin/assets/gridtile_white.png]
[www.cal-gh.com/assets/plugin/rs-plugin/assets/gridtile_3x3.png]
[www.cal-gh.com/assets/plugin/rs-plugin/assets/gridtile_3x3_white.png]
[www.cal-gh.com/assets/plugin/rs-plugin/assets/boxed_bgtile.png]
[www.cal-gh.com/assets/plugin/rs-plugin/assets/navigdots_bgtile.png]
[www.cal-gh.com/assets/plugin/rs-plugin/assets/bullet.png]
[www.cal-gh.com/assets/plugin/rs-plugin/assets/bullets.png]
[www.cal-gh.com/assets/plugin/rs-plugin/assets/bullets2.png]
[www.cal-gh.com/assets/plugin/rs-plugin/assets/bullet_boxed.png]
[www.cal-gh.com/assets/plugin/rs-plugin/assets/navigdots.png]
[www.cal-gh.com/assets/plugin/rs-plugin/assets/large_left.png]
[www.cal-gh.com/assets/plugin/rs-plugin/assets/large_right.png]
[www.cal-gh.com/assets/plugin/rs-plugin/assets/small_left.png]
[www.cal-gh.com/assets/plugin/rs-plugin/assets/small_right.png]
[www.cal-gh.com/assets/plugin/rs-plugin/assets/arrow_left.png]
[www.cal-gh.com/assets/plugin/rs-plugin/assets/arrow_right.png]
[www.cal-gh.com/assets/plugin/rs-plugin/assets/small_left_boxed.png]
[www.cal-gh.com/assets/plugin/rs-plugin/assets/small_right_boxed.png]
[www.cal-gh.com/assets/plugin/rs-plugin/assets/arrowleft.png]
[www.cal-gh.com/assets/plugin/rs-plugin/assets/arrowright.png]
[www.cal-gh.com/assets/plugin/rs-plugin/assets/arrow_left2.png]
[www.cal-gh.com/assets/plugin/rs-plugin/assets/arrow_right2.png]
[www.cal-gh.com/assets/plugin/rs-plugin/assets/timer.png]
[www.cal-gh.com/assets/plugin/rs-plugin/assets/coloredbg.png]
[www.cal-gh.com/assets/plugin/rs-plugin/assets/loader.gif]
[www.cal-gh.com/assets/plugin/rs-plugin/font/revicons-5510888.eot]
[www.cal-gh.com/assets/plugin/rs-plugin/font/revicons-5510888.woff]
[www.cal-gh.com/assets/plugin/rs-plugin/font/revicons-5510888.ttf]
[www.cal-gh.com/assets/plugin/rs-plugin/css/settings.css]
[www.cal-gh.com/assets/plugin/plugin-css/plugin.min.css]
[www.cal-gh.com/assets/plugin/font-awesome/css/font-awesome.min.css]
[www.cal-gh.com/assets/css/skin/color.css]
[www.cal-gh.com/index-2.html]
[www.cal-gh.com/assets/css/style.min.css]
[www.cal-gh.com/images/icon/icon-building.png]
[www.cal-gh.com/images/icon/icon-machine.png]
[www.cal-gh.com/images/icon/icon-awards.png]
[www.cal-gh.com/images/icon/icon-worker.png]
[www.cal-gh.com/images/body/choose11.jpg]
[www.cal-gh.com/images/body/service200.png]
[www.cal-gh.com/about.html]
[www.cal-gh.com/images/body/historya.jpg]
[www.cal-gh.com/images/body/historyb.jpg]
[www.cal-gh.com/images/body/historyc.jpg]
[www.cal-gh.com/history.html]
[www.cal-gh.com/images/icon/safety.png]
[www.cal-gh.com/images/icon/worker.png]
[www.cal-gh.com/images/icon/quality.png]
[www.cal-gh.com/images/icon/engineer.png]
[www.cal-gh.com/images/icon/process06.png]
[www.cal-gh.com/corevalue.html]
[www.cal-gh.com/images/portfolio/thumbnails/l_agr1.jpg]
[www.cal-gh.com/images/portfolio/thumbnails/1n.jpg]
[www.cal-gh.com/images/portfolio/thumbnails/2n.jpg]
[www.cal-gh.com/images/portfolio/thumbnails/3n.jpg]
[www.cal-gh.com/images/portfolio/thumbnails/5n.jpg]
[www.cal-gh.com/images/portfolio/thumbnails/6n.jpg]
[www.cal-gh.com/images/portfolio/thumbnails/8n.jpg]
[www.cal-gh.com/images/portfolio/thumbnails/l_agr2.jpg]
[www.cal-gh.com/images/portfolio/thumbnails/9n.jpg]
[www.cal-gh.com/images/portfolio/thumbnails/10n.jpg]
[www.cal-gh.com/images/portfolio/thumbnails/11n.jpg]
[www.cal-gh.com/images/portfolio/thumbnails/12n.jpg]
[www.cal-gh.com/images/portfolio/thumbnails/13n.jpg]
[www.cal-gh.com/images/portfolio/thumbnails/14n.jpg]
[www.cal-gh.com/images/portfolio/thumbnails/15n.jpg]
[www.cal-gh.com/images/portfolio/thumbnails/16N.jpg]
[www.cal-gh.com/images/portfolio/thumbnails/17N.jpg]
[www.cal-gh.com/images/portfolio/thumbnails/18N.jpg]
[www.cal-gh.com/images/portfolio/thumbnails/19N.jpg]
[www.cal-gh.com/images/portfolio/thumbnails/20N.jpg]
[www.cal-gh.com/images/portfolio/thumbnails/21N.jpg]
[www.cal-gh.com/images/portfolio/thumbnails/22N.jpg]
[www.cal-gh.com/images/portfolio/thumbnails/23N.jpg]
[www.cal-gh.com/images/portfolio/thumbnails/25n.jpg]
[www.cal-gh.com/images/portfolio/thumbnails/26n.jpg]
[www.cal-gh.com/images/portfolio/thumbnails/27n.jpg]
[www.cal-gh.com/images/portfolio/thumbnails/28n.jpg]
[www.cal-gh.com/images/portfolio/thumbnails/l_agr3.jpg]
[www.cal-gh.com/images/portfolio/thumbnails/l_agr4.jpg]
[www.cal-gh.com/images/portfolio/thumbnails/l_agr5.jpg]
[www.cal-gh.com/images/portfolio/thumbnails/l_agr6.jpg]
[www.cal-gh.com/images/portfolio/thumbnails/l_agr7.jpg]
[www.cal-gh.com/images/portfolio/thumbnails/l_agr8.jpg]
[www.cal-gh.com/images/portfolio/thumbnails/l_agr9.jpg]
[www.cal-gh.com/images/portfolio/thumbnails/w1.jpg]
[www.cal-gh.com/images/portfolio/thumbnails/w3.jpg]
[www.cal-gh.com/images/portfolio/thumbnails/w4.jpg]
[www.cal-gh.com/images/portfolio/thumbnails/w5.jpg]
[www.cal-gh.com/images/portfolio/thumbnails/w6.jpg]
[www.cal-gh.com/images/portfolio/thumbnails/37.jpg]
[www.cal-gh.com/images/portfolio/thumbnails/16.jpg]
[www.cal-gh.com/images/portfolio/thumbnails/off1.jpg]
[www.cal-gh.com/images/portfolio/thumbnails/off2.jpg]
[www.cal-gh.com/images/portfolio/thumbnails/17.jpg]
[www.cal-gh.com/images/portfolio/thumbnails/bnk1.jpg]
[www.cal-gh.com/images/portfolio/thumbnails/bnk2.jpg]
[www.cal-gh.com/images/portfolio/thumbnails/bnk3.jpg]
[www.cal-gh.com/images/portfolio/thumbnails/bnk4.jpg]
[www.cal-gh.com/images/portfolio/thumbnails/bnk5.jpg]
[www.cal-gh.com/images/portfolio/thumbnails/15.jpg]
[www.cal-gh.com/images/portfolio/thumbnails/13.jpg]
[www.cal-gh.com/images/portfolio/thumbnails/11.jpg]
[www.cal-gh.com/images/portfolio/thumbnails/fac2.jpg]
[www.cal-gh.com/images/portfolio/thumbnails/fac3.jpg]
[www.cal-gh.com/images/portfolio/thumbnails/fac4.jpg]
[www.cal-gh.com/images/portfolio/thumbnails/fac5.jpg]
[www.cal-gh.com/images/portfolio/thumbnails/fac6.jpg]
[www.cal-gh.com/images/portfolio/thumbnails/fac7.jpg]
[www.cal-gh.com/images/portfolio/thumbnails/fac8.jpg]
[www.cal-gh.com/images/portfolio/thumbnails/fac9.jpg]
[www.cal-gh.com/images/portfolio/thumbnails/waf.jpg]
[www.cal-gh.com/images/portfolio/thumbnails/ot.jpg]
[www.cal-gh.com/images/portfolio/thumbnails/ot1.jpg]
[www.cal-gh.com/images/portfolio/thumbnails/ot3.jpg]
[www.cal-gh.com/images/portfolio/thumbnails/ot4.jpg]
[www.cal-gh.com/images/portfolio/thumbnails/ot5.jpg]
[www.cal-gh.com/images/portfolio/thumbnails/ot6.jpg]
[www.cal-gh.com/images/portfolio/thumbnails/ot7.jpg]
[www.cal-gh.com/images/portfolio/thumbnails/ot8.jpg]
[www.cal-gh.com/images/portfolio/thumbnails/ot9.jpg]
[www.cal-gh.com/images/portfolio/thumbnails/ot10.jpg]
[www.cal-gh.com/images/portfolio/thumbnails/ot101.jpg]
[www.cal-gh.com/images/portfolio/thumbnails/ot102.jpg]
[www.cal-gh.com/images/portfolio/thumbnails/ot103.jpg]
[www.cal-gh.com/images/portfolio/thumbnails/ot104.jpg]
[www.cal-gh.com/images/portfolio/thumbnails/ot106.jpg]
[www.cal-gh.com/images/portfolio/thumbnails/ot107.jpg]
[www.cal-gh.com/images/portfolio/thumbnails/ot108.jpg]
[www.cal-gh.com/images/portfolio/thumbnails/ot109.jpg]
[www.cal-gh.com/images/portfolio/thumbnails/ot131.jpg]
[www.cal-gh.com/images/portfolio/thumbnails/ot132.jpg]
[www.cal-gh.com/images/portfolio/thumbnails/ot133.jpg]
[www.cal-gh.com/portfolio1.html]
[www.cal-gh.com/project-details1.html]
[www.cal-gh.com/images/portfolio/thumbnails/g11.jpg]
[www.cal-gh.com/images/portfolio/thumbnails/aprta.jpg]
[www.cal-gh.com/images/portfolio/thumbnails/aprtb.jpg]
[www.cal-gh.com/images/portfolio/thumbnails/aprtc.jpg]
[www.cal-gh.com/images/portfolio/thumbnails/g22.jpg]
[www.cal-gh.com/images/portfolio/thumbnails/g33.jpg]
[www.cal-gh.com/images/portfolio/thumbnails/g44.jpg]
[www.cal-gh.com/images/portfolio/thumbnails/g55.jpg]
[www.cal-gh.com/images/portfolio/thumbnails/91.jpg]
[www.cal-gh.com/images/portfolio/thumbnails/aprt1.jpg]
[www.cal-gh.com/images/portfolio/thumbnails/Aprt.jpg]
[www.cal-gh.com/images/portfolio/thumbnails/93.jpg]
[www.cal-gh.com/images/portfolio/thumbnails/94.jpg]
[www.cal-gh.com/images/portfolio/thumbnails/53.jpg]
[www.cal-gh.com/images/portfolio/thumbnails/54.jpg]
[www.cal-gh.com/images/portfolio/thumbnails/55.jpg]
[www.cal-gh.com/images/portfolio/thumbnails/73.jpg]
[www.cal-gh.com/images/portfolio/thumbnails/58.jpg]
[www.cal-gh.com/images/portfolio/thumbnails/65.jpg]
[www.cal-gh.com/images/portfolio/thumbnails/t1.jpg]
[www.cal-gh.com/images/portfolio/thumbnails/t2.jpg]
[www.cal-gh.com/images/portfolio/thumbnails/t3.jpg]
[www.cal-gh.com/images/portfolio/thumbnails/t4.jpg]
[www.cal-gh.com/images/portfolio/thumbnails/t5.jpg]
[www.cal-gh.com/images/portfolio/thumbnails/t7.jpg]
[www.cal-gh.com/images/portfolio/thumbnails/t8.jpg]
[www.cal-gh.com/images/portfolio/thumbnails/76.jpg]
[www.cal-gh.com/images/portfolio/thumbnails/77.jpg]
[www.cal-gh.com/images/portfolio/thumbnails/78.jpg]
[www.cal-gh.com/images/portfolio/thumbnails/ot110.jpg]
[www.cal-gh.com/images/portfolio/thumbnails/ot111.jpg]
[www.cal-gh.com/images/portfolio/thumbnails/ot112.jpg]
[www.cal-gh.com/images/portfolio/thumbnails/ot113.jpg]
[www.cal-gh.com/images/portfolio/thumbnails/ot114.jpg]
[www.cal-gh.com/images/portfolio/thumbnails/ot116.jpg]
[www.cal-gh.com/images/portfolio/thumbnails/ot118.jpg]
[www.cal-gh.com/images/portfolio/thumbnails/ot119.jpg]
[www.cal-gh.com/images/portfolio/thumbnails/ot121.jpg]
[www.cal-gh.com/images/portfolio/thumbnails/ot122.jpg]
[www.cal-gh.com/images/portfolio/thumbnails/ot123.jpg]
[www.cal-gh.com/images/portfolio/thumbnails/ot124.jpg]
[www.cal-gh.com/images/portfolio/thumbnails/ot125.jpg]
[www.cal-gh.com/images/portfolio/thumbnails/ot126.jpg]
[www.cal-gh.com/images/portfolio/thumbnails/ot127.jpg]
[www.cal-gh.com/images/portfolio/thumbnails/ot128.jpg]
[www.cal-gh.com/images/portfolio/thumbnails/ot129.jpg]
[www.cal-gh.com/images/portfolio/thumbnails/ot130.jpg]
[www.cal-gh.com/portfolio2.html]
[www.cal-gh.com/images/body/big pr.jpg]
[www.cal-gh.com/service.html]
[www.cal-gh.com/images/body/service06.jpg]
[www.cal-gh.com/images/body/banner2.jpg]
[www.cal-gh.com/images/body/brochure.jpg]
[www.cal-gh.com/Civil_eng.html]
[www.cal-gh.com/vacant-position.html]
[www.cal-gh.com/images/body/banner5.jpg]
[www.cal-gh.com/Real_estate.html]
[cons.themepiko.com/wp-content/uploads/2015/12/banner4.jpg]
[cons.themepiko.com/wp-content/uploads/2015/12/banner5.jpg]
[www.cal-gh.com/construction.html]
[www.cal-gh.com/images/body/banner1.jpg]
[www.cal-gh.com/renovation.html]
[www.cal-gh.com/big-project.html]
[www.cal-gh.com/contact.html]
[www.cal-gh.com/assets/plugin/rs-plugin/font/revicons-5510888.svg]
[www.cal-gh.com/assets/plugin/plugin-css/AjaxLoader.gif]
[www.cal-gh.com/assets/plugin/plugin-css/chosen-sprite.png]
[www.cal-gh.com/assets/plugin/plugin-css/chosen-sprite@2x.png]
[www.cal-gh.com/assets/fonts/Simple-Line-Icons-v=2.2.2.eot]
[www.cal-gh.com/assets/fonts/Simple-Line-Icons-.eot]
[www.cal-gh.com/assets/fonts/Simple-Line-Icons-v=2.2.2.ttf]
[www.cal-gh.com/assets/fonts/Simple-Line-Icons-v=2.2.2.woff2]
[www.cal-gh.com/assets/fonts/Simple-Line-Icons-v=2.2.2.woff]
[www.cal-gh.com/assets/plugin/plugin-css/plugin.min.css]
[www.cal-gh.com/assets/plugin/font-awesome/fonts/fontawesome-webfont-v=4.6.3.eot]
[www.cal-gh.com/assets/plugin/font-awesome/fonts/fontawesome-webfont-.eot]
[www.cal-gh.com/assets/plugin/font-awesome/fonts/fontawesome-webfont-v=4.6.3.woff2]
[www.cal-gh.com/assets/plugin/font-awesome/fonts/fontawesome-webfont-v=4.6.3.woff]
[www.cal-gh.com/assets/plugin/font-awesome/fonts/fontawesome-webfont-v=4.6.3.ttf]
[www.cal-gh.com/assets/plugin/font-awesome/css/font-awesome.min.css]
[www.cal-gh.com/assets/fonts/Roboto-Regular-webfont.eot]
[www.cal-gh.com/assets/fonts/Roboto-Regular-webfont-.eot]
[www.cal-gh.com/assets/fonts/Roboto-Regular-webfont.woff]
[www.cal-gh.com/assets/fonts/Roboto-Regular-webfont.ttf]
[www.cal-gh.com/images/logo/menubg.png]
[www.cal-gh.com/images/bg/pattern1.png]
[www.cal-gh.com/images/bg/statistics.jpg]
[www.cal-gh.com/images/bg/bg2.jpg]
[www.cal-gh.com/images/bg/gradient.jpg]
[www.cal-gh.com/images/bg/page-title.png]
[www.cal-gh.com/images/bg/white.gif]
[www.cal-gh.com/images/bg/wrapper_bg.png]
[www.cal-gh.com/images/bg/pattern.png]
[www.cal-gh.com/images/icon/preloader.gif]
[www.cal-gh.com/images/bg/hcross-lines.jpg]
[www.cal-gh.com/images/bg/h-line.jpg]
[www.cal-gh.com/images/bg/shadow3.png]
[www.cal-gh.com/assets/css/style.min.css]
[themepiko.com/conshtml/masterslider/masterslider.min.html]
[www.cal-gh.com/images/portfolio/thumbnails/ot105.jpg]
[www.cal-gh.com/images/bg/bg3.jpg]
[www.cal-gh.com/images/body/blog-tab.jpg]
[www.cal-gh.com/images/logo/team03.jpg]
[www.cal-gh.com/images/logo/textimonial.jpg]
[www.cal-gh.com/project-details1.html]
[www.cal-gh.com/team.html]
[www.cal-gh.com/concrete-transport.html]
[www.cal-gh.com/images/body/banner-vacant.jpg]
[www.cal-gh.com/vacant-position.html]
[www.cal-gh.com/favicon.html]
[themepiko.com/conshtml/assets/plugin/plugin-css/owl.video.play.html]
[www.cal-gh.com/assets/fonts/Simple-Line-Icons-v=2.2.2.svg]
[www.cal-gh.com/assets/plugin/font-awesome/fonts/fontawesome-webfont-v=4.6.3.svg]
[www.cal-gh.com/assets/fonts/Roboto-Regular-webfont.svg]
[themepiko.com/conshtml/images/banner.html]
[themepiko.com/conshtml/assets/css/overlays/02.html]
[themepiko.com/conshtml/images/bg/shadow2.html]
[www.cal-gh.com/images/logo/eng-flag.png]
[www.cal-gh.com/images/logo/ger-flag.png]
[www.cal-gh.com/images/logo/fra-flag.png]
[www.cal-gh.com/images/logo/por-flag.png]
[www.cal-gh.com/images/logo/team01.jpg]
[www.cal-gh.com/images/logo/team02.jpg]
[www.cal-gh.com/images/logo/team04.jpg]
[www.cal-gh.com/team.html]
[www.cal-gh.com/concrete-transport.html]
[www.cal-gh.com/shop-single.html]
[www.cal-gh.com/assets/plugin/jquery/jquery.min.html]
[www.cal-gh.com/apple-touch-icon.html]
[www.cal-gh.com/architecture.html]
[www.cal-gh.com/consulting.html]
[www.cal-gh.com/Real_Estate-2.html]
[www.cal-gh.com/images/icon/marker.html]
[www.cal-gh.com/life-of-piko.html]
[www.cal-gh.com/images/portfolio/project-details/img-1.html]
[www.cal-gh.com/images/portfolio/project-details/img-2.html]
[www.cal-gh.com/images/portfolio/project-details/img-3.html]
[www.cal-gh.com/images/logo/t.html]
[www.cal-gh.com/header1-footer1.html]
[www.cal-gh.com/header2-footer2.html]
[www.cal-gh.com/header3-footer3.html]
[www.cal-gh.com/progress-bars.html]
[www.cal-gh.com/counters.html]
[www.cal-gh.com/charts.html]
[www.cal-gh.com/contact2.html]
[www.cal-gh.com/images/logo/logo.html]
[www.cal-gh.com/images/logo/logo-inverse.html]
[www.cal-gh.com/Civil_Eng-2.html]
